   Compiling verdict-simd v0.2.0 (/Volumes/KINGSTON/ICP/IC-Laya/crates/verdict-simd)
warning: unnecessary `unsafe` block
    --> crates/verdict-simd/src/lib.rs:1001:24
     |
1001 | ...   acc0 = unsafe { i32x4_add(acc0, i32x4_dot_i16x8(xv, i16x8_extend_low_i8x16(unsafe { v128_load64_zero(p0.cast()) }))) };
     |              ^^^^^^ unnecessary `unsafe` block
     |
     = note: `#[warn(unused_unsafe)]` (part of `#[warn(unused)]`) on by default

warning: unnecessary `unsafe` block
    --> crates/verdict-simd/src/lib.rs:1002:24
     |
1002 | ...   acc1 = unsafe { i32x4_add(acc1, i32x4_dot_i16x8(xv, i16x8_extend_low_i8x16(unsafe { v128_load64_zero(p1.cast()) }))) };
     |              ^^^^^^ unnecessary `unsafe` block

warning: unnecessary `unsafe` block
    --> crates/verdict-simd/src/lib.rs:1003:24
     |
1003 | ...   acc2 = unsafe { i32x4_add(acc2, i32x4_dot_i16x8(xv, i16x8_extend_low_i8x16(unsafe { v128_load64_zero(p2.cast()) }))) };
     |              ^^^^^^ unnecessary `unsafe` block

warning: unnecessary `unsafe` block
    --> crates/verdict-simd/src/lib.rs:1004:24
     |
1004 | ...   acc3 = unsafe { i32x4_add(acc3, i32x4_dot_i16x8(xv, i16x8_extend_low_i8x16(unsafe { v128_load64_zero(p3.cast()) }))) };
     |              ^^^^^^ unnecessary `unsafe` block

   Compiling modernbert-candle v0.2.0 (/Volumes/KINGSTON/ICP/IC-Laya/crates/modernbert-candle)
   Compiling verdict-candle v0.2.0 (/Volumes/KINGSTON/ICP/IC-Laya/crates/verdict-candle)
warning: `verdict-simd` (lib) generated 4 warnings
   Compiling verdict-engine v0.2.0 (/Volumes/KINGSTON/ICP/IC-Laya/canisters/verdict-engine)
    Finished `release` profile [optimized] target(s) in 41.12s
Built build/verdict-engine.wasm and .did; no deployment performed.
