starting local network (gateway port comes from icp.yaml) ...
  network: http://localhost:8011/
owner/delegate identity: ic-laya-local-test
owner principal: 4iqps-zaqk6-55k7n-z753r-wafbw-or6sc-bl5nv-duzat-kapg2-7ucsl-eqe
creating canisters ...
  engine=4caro-hl777-77775-aaaba-cai
  executor=4fbx2-kt777-77775-aaabq-cai
  ledger=4qggx-l3777-77775-aaaca-cai
installing canisters ...
  PASS  decision-engine is running with an installed module (reinstall)
  PASS  executor is running with an installed module (reinstall)
  PASS  mock-ledger is running with an installed module (reinstall)
configuring engine and executor ...
  PASS  engine reports the fixture bundle id
  PASS  executor admitted as an engine caller: (variant { Ok })
  PASS  engine reports three compiled schemas: (
  record {
    model = blob "\ae\1f\b1\c3\95\06\6e\97\d8\66\61\18\3d\a7\66\c4\88\f8\ab\57\6a\0b\19\fa\74\d5\49\b9\e7\bd\a9\90";
    schemas = 3 : nat64;
    l
  PASS  re-registering an identical schema is idempotent: (
  record {
    model = blob "\ae\1f\b1\c3\95\06\6e\97\d8\66\61\18\3d\a7\66\c4\88\f8\ab\57\6a\0b\19\fa\74\d5\49\b9\e7\bd\a9\90";
    schemas = 3 : nat64;
    l
  PASS  a changed calibration cannot reuse its id: (variant { Err = variant { IdConflict } })
  PASS  the plan id is already taken: (variant { Err = variant { IdConflict } })
  PASS  the operation id is already taken: (variant { Err = variant { IdConflict } })
  PASS  the grant id is already taken: (variant { Err = variant { IdConflict } })
checking rejection paths ...
  PASS  operation outside the allowlist is still registrable
  PASS  submit for a non-allowlisted recipient is denied
  PASS  principal outside the grant is unauthorized (ets52-blwab-...): (variant { Err = variant { Unauthorized } })
  PASS  anonymous caller is unauthorized: (variant { Err = variant { Unauthorized } })
  PASS  mock ledger registered and executor in Mock mode: (variant { Ok })
  PASS  live mode is refused, so only the mock ledger can move funds: (variant { Err = variant { LiveDisabled } })
  PASS  executor unpaused by the owner and answering queries: (variant { Err = variant { NotFound } })
running the workflow ...
  request 11fa175e44984f7b...
  PASS  request with one of three signals is not ReadyToDispatch
  PASS  three sequential questions evaluated to ReadyToDispatch
arming the commit-then-trap fault ...
  PASS  lost reply is recorded as OutcomeUnknown, not failure
  PASS  request did not stay in Submitted
  PASS  ledger committed the transfer despite the lost reply (raw: (1 : nat64))
retrying with the same frozen payload ...
  PASS  duplicate reply settles the request
  PASS  ledger committed exactly once, not twice (raw: (1 : nat64))
stranding a second request in OutcomeUnknown for the upgrade run ...
  PASS  second request is stranded in OutcomeUnknown for the upgrade
  stranded request a32ef700c1c21777992354f1f395921c69ee06152174a33a12d715acf4c5c62a

ALL LOCAL INTEGRATION CHECKS PASSED
verifying the unresolved-transfer upgrade guard ...
  PASS  upgrade is refused while a transfer is unresolved: he canister to handle exceptions. See documentation: https://docs.internetcomputer.org/references/execution-errors#trapped-explicitly, error code Some("IC0503")
  PASS  the unresolved reservation survives the refused upgrade: (
  variant {
    Ok = record {
      id = blob "\a3\2e\f7\00\c1\c2\17\77\99\23\54\f1\f3\95\92\1c\69\ee\06\15\21\74\a3\3a\12\d7\15\ac\f4\c5\c6\2a";
      status
  PASS  owner can park the unresolved transfer before upgrading: (
  variant {
    Ok = variant { NeedsReview = "abandoned: integration upgrade test" }
  },
)
  PASS  executor upgrades after the transfer is parked: Canister executor installed successfully
  PASS  stable-table state and its held reservation survive a successful upgrade

UPGRADE GUARD CHECKS PASSED
stopping local network ...
