   Compiling proc-macro2 v1.0.107
   Compiling unicode-ident v1.0.26
   Compiling quote v1.0.47
   Compiling version_check v0.9.5
   Compiling autocfg v1.5.1
   Compiling cfg-if v1.0.5
   Compiling serde_core v1.0.229
   Compiling libm v0.2.16
   Compiling getrandom v0.3.4
   Compiling zerocopy v0.8.57
   Compiling paste v1.0.15
   Compiling generic-array v0.14.7
   Compiling num-traits v0.2.19
   Compiling serde v1.0.229
   Compiling crossbeam-utils v0.8.23
   Compiling crossbeam-epoch v0.9.21
   Compiling syn v2.0.119
   Compiling syn v3.0.6
   Compiling rand_core v0.9.5
   Compiling crossbeam-deque v0.8.8
   Compiling crc32fast v1.5.2
   Compiling memchr v2.8.3
   Compiling libc v0.2.189
   Compiling rayon-core v1.13.0
   Compiling strsim v0.11.1
   Compiling ident_case v1.0.1
   Compiling either v1.18.0
   Compiling once_cell v1.21.4
   Compiling thiserror v1.0.69
   Compiling typenum v1.20.1
   Compiling anyhow v1.0.104
   Compiling binrw_derive v0.15.2
   Compiling binrw v0.15.2
   Compiling pulp v0.22.3
   Compiling object v0.39.1
   Compiling rustversion v1.0.23
   Compiling shlex v2.0.1
   Compiling rayon v1.12.0
   Compiling find-msvc-tools v0.1.13
   Compiling cc v1.4.7
   Compiling zmij v1.0.23
   Compiling bitflags v2.13.2
   Compiling reborrow v0.5.5
   Compiling dyn-stack-macros v0.1.3
   Compiling pulp-wasm-simd-flag v0.1.1
   Compiling serde_derive v1.0.229
   Compiling bytemuck_derive v1.12.1
   Compiling raw-cpuid v11.6.0
   Compiling block-buffer v0.10.4
   Compiling crypto-common v0.1.7
   Compiling seq-macro v0.3.6
   Compiling itoa v1.0.18
   Compiling serde_json v1.0.151
   Compiling thiserror v2.0.20
   Compiling lazy_static v1.5.0
   Compiling bytemuck v1.25.2
   Compiling num-complex v0.4.6
   Compiling dyn-stack v0.13.2
   Compiling digest v0.10.7
   Compiling zerocopy-derive v0.8.57
   Compiling thiserror-impl v1.0.69
   Compiling candid_derive v0.10.35
   Compiling ar_archive_writer v0.5.3
   Compiling thiserror-impl v2.0.20
   Compiling fnv v1.0.7
   Compiling darling_core v0.20.11
   Compiling psm v0.1.32
   Compiling sha2 v0.10.9
   Compiling num-integer v0.1.47
   Compiling byteorder v1.5.0
   Compiling typed-arena v2.0.2
   Compiling data-encoding v2.11.1
   Compiling array-init v2.1.0
   Compiling unicode-width v0.2.2
   Compiling arrayvec v0.5.2
   Compiling pretty v0.12.5
   Compiling ic_principal v0.1.5
   Compiling num-bigint v0.4.8
   Compiling cpufeatures v0.2.17
   Compiling stacker v0.1.25
   Compiling synstructure v0.14.0
   Compiling serde_bytes v0.11.19
   Compiling smallvec v1.16.1
   Compiling hex v0.4.3
   Compiling leb128 v0.2.7
   Compiling equivalent v1.0.2
   Compiling darling_core v0.23.0
   Compiling ppv-lite86 v0.2.21
   Compiling rand_chacha v0.9.0
   Compiling aho-corasick v1.1.5
   Compiling slotmap v1.1.1
   Compiling rand v0.9.5
   Compiling darling_macro v0.20.11
   Compiling heck v0.5.0
   Compiling regex-syntax v0.8.11
   Compiling strum_macros v0.26.4
   Compiling darling v0.20.11
   Compiling rand_distr v0.5.1
   Compiling derive_builder_core v0.20.2
   Compiling half v2.7.1
   Compiling gemm-common v0.19.0
   Compiling candid v0.10.35
   Compiling gemm-f32 v0.19.0
   Compiling regex-automata v0.4.18
   Compiling darling_macro v0.23.0
   Compiling zerofrom-derive v0.1.8
   Compiling bincode v1.3.3
   Compiling ahash v0.8.12
   Compiling allocator-api2 v0.2.21
   Compiling fastrand v2.5.0
   Compiling minimal-lexical v0.2.1
   Compiling hashbrown v0.17.1
   Compiling ic-cdk-executor v2.0.0
   Compiling esaxx-rs v0.1.10
   Compiling stable_deref_trait v1.2.1
   Compiling bit-vec v0.8.0
   Compiling foldhash v0.2.0
   Compiling bit-set v0.8.0
   Compiling zerofrom v0.1.8
   Compiling indexmap v2.14.2
   Compiling hashbrown v0.16.1
   Compiling ic-laya-core v0.1.0 (/Volumes/KINGSTON/ICP/IC-Laya/crates/ic-laya-core)
   Compiling nom v7.1.3
   Compiling tempfile v3.27.0
   Compiling strum v0.26.3
   Compiling darling v0.23.0
   Compiling gemm-f16 v0.19.0
   Compiling derive_builder_macro v0.20.2
   Compiling gemm-f64 v0.19.0
   Compiling gemm-c32 v0.19.0
   Compiling gemm-c64 v0.19.0
   Compiling yoke-derive v0.8.3
   Compiling monostate-impl v0.1.18
   Compiling castaway v0.2.4
   Compiling itertools v0.14.0
   Compiling typed-path v0.12.3
   Compiling base64 v0.13.1
   Compiling ic0 v1.2.0
   Compiling macro_rules_attribute-proc_macro v0.2.3
   Compiling ryu v1.0.23
   Compiling pastey v0.2.3
   Compiling static_assertions v1.1.0
   Compiling unicode-segmentation v1.13.3
   Compiling compact_str v0.9.1
   Compiling zip v8.6.0
   Compiling yoke v0.8.3
   Compiling macro_rules_attribute v0.2.3
   Compiling spm_precompiled v0.1.4
   Compiling rayon-cond v0.4.0
   Compiling monostate v0.1.18
   Compiling gemm v0.19.0
   Compiling derive_builder v0.20.2
   Compiling ic-cdk-macros v0.20.3
   Compiling ic-error-types v0.2.0
   Compiling regex v1.13.1
   Compiling fancy-regex v0.14.0
   Compiling safetensors v0.8.0
   Compiling num_cpus v1.17.0
   Compiling memmap2 v0.9.11
   Compiling float8 v0.7.0
   Compiling unicode-normalization-alignments v0.1.12
   Compiling dary_heap v0.3.9
   Compiling pin-project-lite v0.2.17
   Compiling unicode_categories v0.1.1
   Compiling log v0.4.34
   Compiling candle-core v0.11.0
   Compiling ic-cdk v0.20.3
   Compiling tokenizers v0.22.0
   Compiling canister-common v0.1.0 (/Volumes/KINGSTON/ICP/IC-Laya/crates/canister-common)
   Compiling hf-tokenizer v0.1.0 (/Volumes/KINGSTON/ICP/IC-Laya/crates/hf-tokenizer)
   Compiling laya-candle v0.1.0 (/Volumes/KINGSTON/ICP/IC-Laya/crates/laya-candle)
   Compiling decision-engine v0.1.0 (/Volumes/KINGSTON/ICP/IC-Laya/canisters/decision-engine)
    Finished `dev` profile [unoptimized + debuginfo] target(s) in 1m 03s
